#-----------------------------------------------------------
# Vivado v2018.3 (64-bit)
# SW Build 2405991 on Thu Dec  6 23:38:27 MST 2018
# IP Build 2404404 on Fri Dec  7 01:43:56 MST 2018
# Start of session at: Tue Mar 29 21:15:18 2022
# Process ID: 17544
# Current directory: C:/Users/WYHAIRCAS/Desktop/plus_compress/Origion_Wave_IQ
# Command line: vivado.exe -gui_launcher_event rodinguilauncherevent21456 C:\Users\WYHAIRCAS\Desktop\plus_compress\Origion_Wave_IQ\Origion_Wave_IQ.xpr
# Log file: C:/Users/WYHAIRCAS/Desktop/plus_compress/Origion_Wave_IQ/vivado.log
# Journal file: C:/Users/WYHAIRCAS/Desktop/plus_compress/Origion_Wave_IQ\vivado.jou
#-----------------------------------------------------------
start_gui
open_project C:/Users/WYHAIRCAS/Desktop/plus_compress/Origion_Wave_IQ/Origion_Wave_IQ.xpr
update_compile_order -fileset sources_1
launch_simulation
source tb_ROM_320x32_S_I_Q.tcl
run 1 ms
relaunch_sim
run 1 ms
run 1 ms
close_sim
launch_simulation
source tb_ROM_320x32_S_I_Q.tcl
run 1 ms
run 1 ms
run 1 ms
close_sim
