#-----------------------------------------------------------
# Webtalk v2018.3 (64-bit)
# SW Build 2405991 on Thu Dec  6 23:38:27 MST 2018
# IP Build 2404404 on Fri Dec  7 01:43:56 MST 2018
# Start of session at: Sat Apr 23 14:11:37 2022
# Process ID: 12072
# Current directory: E:/Project/plus_compress/Plus_Compress_Wave_Out_tb/Plus_Compress_Wave_Out.sim/sim_1/behav/xsim
# Command line: wbtcv.exe -mode batch -source E:/Project/plus_compress/Plus_Compress_Wave_Out_tb/Plus_Compress_Wave_Out.sim/sim_1/behav/xsim/xsim.dir/four_conv_out_behav/webtalk/xsim_webtalk.tcl -notrace
# Log file: E:/Project/plus_compress/Plus_Compress_Wave_Out_tb/Plus_Compress_Wave_Out.sim/sim_1/behav/xsim/webtalk.log
# Journal file: E:/Project/plus_compress/Plus_Compress_Wave_Out_tb/Plus_Compress_Wave_Out.sim/sim_1/behav/xsim\webtalk.jou
#-----------------------------------------------------------
source E:/Project/plus_compress/Plus_Compress_Wave_Out_tb/Plus_Compress_Wave_Out.sim/sim_1/behav/xsim/xsim.dir/four_conv_out_behav/webtalk/xsim_webtalk.tcl -notrace
